Error in the toplevel code block in in_toplevel.md at line 4:
./not_found.ml: No such file or directory
