Error in the OCaml code block in ml_file_not_found.md at line 4:
./not_found.ml: No such file or directory
