Error in the OCaml code block in part_not_found.md at line 4:
Cannot find part "part1" in ./part_not_found.ml
